.\venv\Scripts\python.exe : 
Traceback (most recent call 
last):
At line:1 char:12
+ cd server; 
.\venv\Scripts\python.exe 
manage.py collectstatic 
--noinpu ...
+            ~~~~~~~~~~~~~~~~
~~~~~~~~~~~~~~~~~~~~~~~~~~~~~
~~~~~~~~~~~~~
    + CategoryInfo           
   : NotSpecified: (Traceba  
  ck (most recent call las   
 t)::String) [], RemoteEx    
ception
    + FullyQualifiedErrorId  
   : NativeCommandError
 
  File "C:\Users\hp\agrawal-s
tore\server\manage.py", line 
22, in <module>
    main()
    ~~~~^^
  File "C:\Users\hp\agrawal-s
tore\server\manage.py", line 
18, in main
    execute_from_command_line
(sys.argv)
    ~~~~~~~~~~~~~~~~~~~~~~~~~
^^^^^^^^^^
  File "C:\Users\hp\agrawal-s
tore\server\venv\Lib\site-pac
kages\django\core\management\
__init__.py", line 443, in 
execute_from_command_line
    utility.execute()
    ~~~~~~~~~~~~~~~^^
  File "C:\Users\hp\agrawal-s
tore\server\venv\Lib\site-pac
kages\django\core\management\
__init__.py", line 437, in 
execute
    self.fetch_command(subcom
mand).run_from_argv(self.argv
)
    ~~~~~~~~~~~~~~~~~~~~~~~~~
~~~~~~~~~~~~~~~~~~~^^^^^^^^^^
^
  File "C:\Users\hp\agrawal-s
tore\server\venv\Lib\site-pac
kages\django\core\management\
base.py", line 420, in 
run_from_argv
    self.execute(*args, 
**cmd_options)
    ~~~~~~~~~~~~^^^^^^^^^^^^^
^^^^^^^^^
  File "C:\Users\hp\agrawal-s
tore\server\venv\Lib\site-pac
kages\django\core\management\
base.py", line 464, in 
execute
    output = 
self.handle(*args, **options)
  File "C:\Users\hp\agrawal-s
tore\server\venv\Lib\site-pac
kages\django\contrib\staticfi
les\management\commands\colle
ctstatic.py", line 214, in 
handle
    collected = 
self.collect()
  File "C:\Users\hp\agrawal-s
tore\server\venv\Lib\site-pac
kages\django\contrib\staticfi
les\management\commands\colle
ctstatic.py", line 137, in 
collect
    handler(path, 
prefixed_path, storage)
    ~~~~~~~^^^^^^^^^^^^^^^^^^
^^^^^^^^^^^^
  File "C:\Users\hp\agrawal-s
tore\server\venv\Lib\site-pac
kages\cloudinary_storage\mana
gement\commands\collectstatic
.py", line 27, in copy_file
    if (settings.STATICFILES_
STORAGE == 'cloudinary_storag
e.storage.StaticCloudinarySto
rage' or
        
^^^^^^^^^^^^^^^^^^^^^^^^^^^^
  File "C:\Users\hp\agrawal-s
tore\server\venv\Lib\site-pac
kages\django\conf\__init__.py
", line 77, in __getattr__
    val = getattr(_wrapped, 
name)
AttributeError: 'Settings' 
object has no attribute 
'STATICFILES_STORAGE'. Did 
you mean: 'STATICFILES_DIRS'?
